// Jest Snapshot v1, https://goo.gl/fbAQLP

exports[`<NotFoundPage /> renders without crashing 1`] = `
<div
  className="container"
>
  <div
    className="row"
  >
    <div
      className="col-10 mx-auto"
    >
      <img
        alt=""
        className="img-fluid"
        src="https://res.cloudinary.com/leumas/image/upload/v1559403724/404.png"
      />
    </div>
  </div>
</div>
`;
